// Vitest Snapshot v1, https://vitest.dev/guide/snapshot.html

exports[`Sample1: Code Generate Test 1`] = `
"const mainTask1 = () => {
    const subTask = () => { };
    return subTask();
};
mainTask1();
// SampleCode
"
`;
