// Vitest Snapshot v1, https://vitest.dev/guide/snapshot.html

exports[`Sample3: Code Generate Test 1`] = `
"const mainTask = () => {
    const subTask = () => {}
    return subTask();
  }
  mainTask();
  
  
"
`;
